// Jest Snapshot v1, https://goo.gl/fbAQLP

exports[`About page should renders correctly 1`] = `
<div>
  <Navbar />
  <About />
</div>
`;
