// Jest Snapshot v1, https://goo.gl/fbAQLP

exports[`NavbarItem should renders correctly 1`] = `
<NavbarItem
  link="/"
  name="Button"
/>
`;
